resourceLogs:
  - resource:
      attributes:
        - key: cloud.provider
          value:
            stringValue: azure
        - key: cloud.resource_id
          value:
            stringValue: /RESOURCE_ID
    scopeLogs:
      - logRecords:
          - body:
              kvlistValue:
                values:
                  - key: network.protocol.version
                    value:
                      stringValue: 1.1.0.0
                  - key: http.request.method
                    value:
                      stringValue: GET
                  - key: http.response.size
                    value:
                      intValue: "12345"
                  - key: tls.protocol.name
                    value:
                      stringValue: tls
                  - key: error.type
                    value:
                      stringValue: NoError
                  - key: user_agent.original
                    value:
                      stringValue: Mozilla/5.0
                  - key: properties
                    value:
                      kvlistValue:
                        values:
                          - key: BackendHostName
                            value:
                              stringValue: backendhost.net
                          - key: POP
                            value:
                              stringValue: LON
                          - key: TimeTaken
                            value:
                              stringValue: "0.230"
                          - key: RoutingRuleName
                            value:
                              stringValue: default-route
                          - key: RulesEngineMatchNames
                            value:
                              arrayValue: {}
                          - key: Result
                            value:
                              stringValue: N/A
                          - key: HttpStatusDetails
                            value:
                              stringValue: "200"
                          - key: isReceivedFromClient
                            value:
                              boolValue: false
                          - key: TimeToFirstByte
                            value:
                              stringValue: "0.420"
                          - key: SNI
                            value:
                              stringValue: originshield|parentcache|https|tier2
                  - key: http.response.status_code
                    value:
                      intValue: "200"
                  - key: http.request.size
                    value:
                      intValue: "1234"
                  - key: operation.name
                    value:
                      stringValue: Microsoft.AzureCdn/Profiles/AccessLog
                  - key: client.address
                    value:
                      stringValue: 42.42.42.42
                  - key: url.full
                    value:
                      stringValue: https://test.net/
                  - key: client.port
                    value:
                      stringValue: "0"
                  - key: az.service_request_id
                    value:
                      stringValue: TRACKING_REFERENCE
                  - key: tls.protocol.version
                    value:
                      stringValue: "1.3"
                  - key: category
                    value:
                      stringValue: AzureCdnAccessLog
            spanId: ""
            timeUnixNano: "1713960372000000000"
            traceId: ""
        scope:
          name: otelcol/azureresourcelogs
          version: 1.2.3
