resourceLogs:
  - resource:
      attributes:
        - key: cloud.provider
          value:
            stringValue: azure
        - key: cloud.resource_id
          value:
            stringValue: /RESOURCE_ID
    scopeLogs:
      - logRecords:
          - body:
              kvlistValue:
                values:
                  - key: http.request.header.x-fd-healthprobe
                    value:
                      stringValue: HEALTH_PROBE
                  - key: http.request.header.x-forwarded-for
                    value:
                      stringValue: FORWARDED_FOR
                  - key: http.request.header.x-forwarded-host
                    value:
                      stringValue: FORWARDED_HOST
                  - key: category
                    value:
                      stringValue: AppServiceIPSecAuditLogs
                  - key: operation.name
                    value:
                      stringValue: IPSecAuditLog
                  - key: client.address
                    value:
                      stringValue: 42.42.42.42
                  - key: url.domain
                    value:
                      stringValue: HOST
                  - key: http.request.header.x-azure-fdid
                    value:
                      stringValue: FDID
            spanId: ""
            timeUnixNano: "1713960372000000000"
            traceId: ""
        scope:
          name: otelcol/azureresourcelogs
          version: 1.2.3
