resourceLogs:
  - resource:
      attributes:
        - key: cloud.provider
          value:
            stringValue: azure
        - key: cloud.resource_id
          value:
            stringValue: /RESOURCE_ID
    scopeLogs:
      - logRecords:
          - body:
              kvlistValue:
                values:
                  - key: http.response.status_code
                    value:
                      intValue: "200"
                  - key: url.full
                    value:
                      stringValue: https://probe.net/health
                  - key: properties
                    value:
                      kvlistValue:
                        values:
                          - key: result
                            value:
                              stringValue: ""
                          - key: originName
                            value:
                              stringValue: https://probe.net/
                          - key: healthProbeId
                            value:
                              stringValue: AAAA
                          - key: POP
                            value:
                              stringValue: ""
                  - key: category
                    value:
                      stringValue: FrontDoorHealthProbeLog
                  - key: operation.name
                    value:
                      stringValue: WAF/FirewallLog
                  - key: http.request.duration
                    value:
                      doubleValue: 0.042
                  - key: dns.lookup.duration
                    value:
                      doubleValue: 0.00023
                  - key: http.request.method
                    value:
                      stringValue: GET
                  - key: server.address
                    value:
                      stringValue: 42.42.42.42
            spanId: ""
            timeUnixNano: "1713960372000000000"
            traceId: ""
        scope:
          name: otelcol/azureresourcelogs
          version: 1.2.3
