resourceLogs:
  - resource:
      attributes:
        - key: cloud.provider
          value:
            stringValue: azure
        - key: cloud.resource_id
          value:
            stringValue: /RESOURCE_ID
    scopeLogs:
      - logRecords:
          - body:
              kvlistValue:
                values:
                  - key: category
                    value:
                      stringValue: AuditEvent
                  - key: operation.name
                    value:
                      stringValue: SecretGet
            spanId: ""
            timeUnixNano: "1668142107676714500"
            traceId: ""
          - body:
              kvlistValue:
                values:
                  - key: category
                    value:
                      stringValue: AuditEvent
                  - key: operation.name
                    value:
                      stringValue: SecretGet
            spanId: ""
            timeUnixNano: "1668142107676714500"
            traceId: ""
        scope:
          name: otelcol/azureresourcelogs
          version: 1.2.3
